core vertex_4_4_2_Excitatory_Cells:0:255 

    33952 packets received.
    194 were detected as redundant packets by the bitfield filter.
    0 were detected as having no targets after the DMA stage.
    0 were detected as packets which we should not have received in the first place. 
    Overall this makes a redundant percentage of 0.5713949104618284
core vertex_5_4_2_Excitatory_Cells:256:511 

    33952 packets received.
    72 were detected as redundant packets by the bitfield filter.
    0 were detected as having no targets after the DMA stage.
    0 were detected as packets which we should not have received in the first place. 
    Overall this makes a redundant percentage of 0.2120640904806786
core vertex_5_5_2_Excitatory_Cells:512:767 

    33952 packets received.
    451 were detected as redundant packets by the bitfield filter.
    0 were detected as having no targets after the DMA stage.
    0 were detected as packets which we should not have received in the first place. 
    Overall this makes a redundant percentage of 1.3283459000942506
core vertex_4_5_2_Excitatory_Cells:768:1023 

    33952 packets received.
    90 were detected as redundant packets by the bitfield filter.
    0 were detected as having no targets after the DMA stage.
    0 were detected as packets which we should not have received in the first place. 
    Overall this makes a redundant percentage of 0.2650801131008482
core vertex_3_4_2_Inhibitory_Cells:0:255 

    33952 packets received.
    294 were detected as redundant packets by the bitfield filter.
    0 were detected as having no targets after the DMA stage.
    0 were detected as packets which we should not have received in the first place. 
    Overall this makes a redundant percentage of 0.865928369462771
core vertex_3_3_2_Excitatory_Cells:1024:1199 

    33952 packets received.
    704 were detected as redundant packets by the bitfield filter.
    0 were detected as having no targets after the DMA stage.
    0 were detected as packets which we should not have received in the first place. 
    Overall this makes a redundant percentage of 2.073515551366635
core vertex_4_3_2_Inhibitory_Cells:256:299 

    33952 packets received.
    14288 were detected as redundant packets by the bitfield filter.
    0 were detected as having no targets after the DMA stage.
    0 were detected as packets which we should not have received in the first place. 
    Overall this makes a redundant percentage of 42.082940622054664
overall, the core with the most incoming packets had 33952 packets.
         The core with the least incoming packets had 33952 packets.
         The core with the most redundant packets had 14288 packets.
         The core with the least redundant packets had 72 packets.
         The average incoming and redundant were 33952 and 2299.
         The max and min percentages of redundant packets are 42.082940622054664 and 0.2120640904806786. 
         The average redundant percentages from each core were 6.771324222431668 accordingly.
          The total packets flown in system was 237664