core vertex_4_4_2_Excitatory_Cells:0:255 

    35678 packets received.
    136 were detected as redundant packets by the bitfield filter.
    0 were detected as having no targets after the DMA stage.
    0 were detected as packets which we should not have received in the first place. 
    Overall this makes a redundant percentage of 0.38118728628286336
core vertex_5_4_2_Excitatory_Cells:256:511 

    35678 packets received.
    65 were detected as redundant packets by the bitfield filter.
    0 were detected as having no targets after the DMA stage.
    0 were detected as packets which we should not have received in the first place. 
    Overall this makes a redundant percentage of 0.18218510006166264
core vertex_5_5_2_Excitatory_Cells:512:767 

    35678 packets received.
    471 were detected as redundant packets by the bitfield filter.
    0 were detected as having no targets after the DMA stage.
    0 were detected as packets which we should not have received in the first place. 
    Overall this makes a redundant percentage of 1.3201412635237402
core vertex_4_5_2_Excitatory_Cells:768:1023 

    35678 packets received.
    104 were detected as redundant packets by the bitfield filter.
    0 were detected as having no targets after the DMA stage.
    0 were detected as packets which we should not have received in the first place. 
    Overall this makes a redundant percentage of 0.29149616009866025
core vertex_3_4_2_Inhibitory_Cells:0:255 

    35678 packets received.
    343 were detected as redundant packets by the bitfield filter.
    0 were detected as having no targets after the DMA stage.
    0 were detected as packets which we should not have received in the first place. 
    Overall this makes a redundant percentage of 0.9613767587869275
core vertex_3_3_2_Excitatory_Cells:1024:1199 

    35678 packets received.
    911 were detected as redundant packets by the bitfield filter.
    0 were detected as having no targets after the DMA stage.
    0 were detected as packets which we should not have received in the first place. 
    Overall this makes a redundant percentage of 2.5533942485565335
core vertex_4_3_2_Inhibitory_Cells:256:299 

    35678 packets received.
    14441 were detected as redundant packets by the bitfield filter.
    0 were detected as having no targets after the DMA stage.
    0 were detected as packets which we should not have received in the first place. 
    Overall this makes a redundant percentage of 40.47592353831493
overall, the core with the most incoming packets had 35678 packets.
         The core with the least incoming packets had 35678 packets.
         The core with the most redundant packets had 14441 packets.
         The core with the least redundant packets had 65 packets.
         The average incoming and redundant were 35678 and 2353.
         The max and min percentages of redundant packets are 40.47592353831493 and 0.18218510006166264. 
         The average redundant percentages from each core were 6.595100622232188 accordingly.
          The total packets flown in system was 249746