router 4:4 link 0 has potential 1220 collisions 
router 4:4 link 1 has potential 988 collisions 
router 4:4 link 2 has potential 1008 collisions 
router 4:4 link 3 has potential 1088 collisions 
router 4:4 link 4 has potential 1220 collisions 
router 4:4 link 5 has potential 1068 collisions 
router 5:5 link 3 has potential 512 collisions 
router 5:5 link 4 has potential 988 collisions 
router 5:5 link 5 has potential 532 collisions 
router 3:4 link 0 has potential 1088 collisions 
router 3:4 link 1 has potential 512 collisions 
router 3:4 link 5 has potential 432 collisions 
router 4:3 link 1 has potential 320 collisions 
router 4:3 link 2 has potential 1068 collisions 
router 4:3 link 3 has potential 220 collisions 
router 5:4 link 2 has potential 532 collisions 
router 5:4 link 3 has potential 1220 collisions 
router 5:4 link 4 has potential 320 collisions 
router 4:5 link 0 has potential 512 collisions 
router 4:5 link 4 has potential 512 collisions 
router 4:5 link 5 has potential 1008 collisions 
router 3:3 link 0 has potential 220 collisions 
router 3:3 link 1 has potential 1220 collisions 
router 3:3 link 2 has potential 432 collisions 
router 6:4 link 3 has potential 20 collisions 
