core vertex_4_4_2_Excitatory_Cells:0:255 

    36311 packets received.
    169 were detected as redundant packets by the bitfield filter.
    0 were detected as having no targets after the DMA stage.
    0 were detected as packets which we should not have received in the first place. 
    Overall this makes a redundant percentage of 0.465423700806918
core vertex_5_4_2_Excitatory_Cells:256:511 

    36311 packets received.
    46 were detected as redundant packets by the bitfield filter.
    0 were detected as having no targets after the DMA stage.
    0 were detected as packets which we should not have received in the first place. 
    Overall this makes a redundant percentage of 0.12668337418413153
core vertex_5_5_2_Excitatory_Cells:512:767 

    36311 packets received.
    448 were detected as redundant packets by the bitfield filter.
    0 were detected as having no targets after the DMA stage.
    0 were detected as packets which we should not have received in the first place. 
    Overall this makes a redundant percentage of 1.2337859050976288
core vertex_4_5_2_Excitatory_Cells:768:1023 

    36311 packets received.
    110 were detected as redundant packets by the bitfield filter.
    0 were detected as having no targets after the DMA stage.
    0 were detected as packets which we should not have received in the first place. 
    Overall this makes a redundant percentage of 0.30293850348379275
core vertex_3_4_2_Inhibitory_Cells:0:255 

    36311 packets received.
    365 were detected as redundant packets by the bitfield filter.
    0 were detected as having no targets after the DMA stage.
    0 were detected as packets which we should not have received in the first place. 
    Overall this makes a redundant percentage of 1.0052050342871306
core vertex_3_3_2_Excitatory_Cells:1024:1199 

    36311 packets received.
    814 were detected as redundant packets by the bitfield filter.
    0 were detected as having no targets after the DMA stage.
    0 were detected as packets which we should not have received in the first place. 
    Overall this makes a redundant percentage of 2.2417449257800666
core vertex_4_3_2_Inhibitory_Cells:256:299 

    36311 packets received.
    14936 were detected as redundant packets by the bitfield filter.
    0 were detected as having no targets after the DMA stage.
    0 were detected as packets which we should not have received in the first place. 
    Overall this makes a redundant percentage of 41.133540800308445
overall, the core with the most incoming packets had 36311 packets.
         The core with the least incoming packets had 36311 packets.
         The core with the most redundant packets had 14936 packets.
         The core with the least redundant packets had 46 packets.
         The average incoming and redundant were 36311 and 2412.5714285714284.
         The max and min percentages of redundant packets are 41.133540800308445 and 0.12668337418413153. 
         The average redundant percentages from each core were 6.644188891992588 accordingly.
          The total packets flown in system was 254177